// Jest Snapshot v1, https://goo.gl/fbAQLP

exports[`ImageBox matches snapshot with prop data 1`] = `
<div>
  <div
    class="imageBox"
  >
    <img
      alt="altTag"
      class="image"
      src="test.com"
    />
  </div>
</div>
`;

exports[`ImageBox matches snapshot with prop data when loading is true 1`] = `
<div>
  <div
    class="spinnerContainer"
  >
    <div
      class="spinner"
      id="loading-spinner"
    />
  </div>
</div>
`;
