// Jest Snapshot v1, https://goo.gl/fbAQLP

exports[`List matches snapshot with data 1`] = `
<div>
  <ul
    class="list"
  >
    <li
      class="item"
    >
      <div
        class="content"
      >
        <img
          alt="title"
          class="image"
          src="testimage.com"
        />
        <div>
          <p>
            <strong>
              title
            </strong>
          </p>
          <p>
            some text for testing
          </p>
        </div>
      </div>
      <p>
        some detail text for testing
      </p>
    </li>
    <li
      class="item"
    >
      <div
        class="content"
      >
        <img
          alt="title"
          class="image"
          src="testimage.com"
        />
        <div>
          <p>
            <strong>
              title
            </strong>
          </p>
          <p>
            some text for testing
          </p>
        </div>
      </div>
      <p>
        some detail text for testing
      </p>
    </li>
  </ul>
</div>
`;
