// Jest Snapshot v1, https://goo.gl/fbAQLP

exports[`Heading matches snapshot with invalid headingLevel prop data 1`] = `
<div>
  <p
    class="heading"
  />
</div>
`;

exports[`Heading matches snapshot with prop data 1`] = `
<div>
  <h1
    class="heading"
  />
</div>
`;
